---------------------------------------------------------------------------------------------------------------
      name:  <unnamed>
       log:  C:\Users\ems541\Documents\OpenSDPems\human-capital-stata\logs\Analyze_Recruitment.txt
  log type:  text
 opened on:  29 Mar 2018, 09:15:54

. 
.         // Set program switches for recruitment analyses. Set switch to 0 to skip the 
.         // section of code that runs a given analysis, and to 1 to run the analysis.
.         
.         global new_hires_pie                            = 1

.         global new_hires_year                           = 1

.         global new_hires_school_poverty         = 1

.         global share_teachers_stu_race          = 1

. 
. /*** A1. Share of Teachers Who Are New Hires ***/ 
. 
. if ${new_hires_pie}==1 { 
. 
.         // Step 1: Load the Teacher_Year_Analysis data file.
.         
.         use "${analysis}\Teacher_Year_Analysis", clear
.         isid tid school_year
. program error:  matching close brace not found
r(198);

end of do-file

r(198);
. tab sch_high

  School Is |
High School |      Freq.     Percent        Cum.
------------+-----------------------------------
          0 |     42,122       74.24       74.24
          1 |     14,619       25.76      100.00
------------+-----------------------------------
      Total |     56,741      100.00

. do "C:\Users\ems541\AppData\Local\Temp\STD00000000.tmp"

.         // put loops for subject and level around the analysis and graphing code.
.         // To include all grade levels in the analysis, comment out the local level 
.         // command below.
.         
.         local subject m

.         *local level middle
.         
.         // Step 2: Load the Teacher_Year_Analysis file.
.         
.         use "${analysis}/Teacher_Year_Analysis.dta", clear

.         isid tid school_year

. 
end of do-file

. tab sch_high

  School Is |
High School |      Freq.     Percent        Cum.
------------+-----------------------------------
          0 |     42,122       74.24       74.24
          1 |     14,619       25.76      100.00
------------+-----------------------------------
      Total |     56,741      100.00

. tab sch_high current_tre_m
too many values
r(134);

. codebook sch_high current_tre_m

---------------------------------------------------------------------------------------------------
sch_high                                                                      School Is High School
---------------------------------------------------------------------------------------------------

                  type:  numeric (byte)

                 range:  [0,1]                        units:  1
         unique values:  2                        missing .:  0/56,741

            tabulation:  Freq.  Value
                        42,122  0
                        14,619  1

---------------------------------------------------------------------------------------------------
current_tre_m                                Math Single-Year Teacher Effects for Given School Year
---------------------------------------------------------------------------------------------------

                  type:  numeric (double)

                 range:  [-.31580487,.37480176]       units:  1.000e-21
         unique values:  3,843                    missing .:  50,651/56,741

                  mean:  -.002382
              std. dev:   .093456

           percentiles:        10%       25%       50%       75%       90%
                          -.120726  -.065579   -.00778   .059268   .118832

. do "C:\Users\ems541\AppData\Local\Temp\STD00000000.tmp"

.         keep if school_year >= 2010 & school_year <= 2014
(9,642 observations deleted)

.         keep if !missing(current_tre_`subject')
current_tre_ ambiguous abbreviation
r(111);

end of do-file

r(111);

. keep if !missing(current_tre_m)
(42,101 observations deleted)

. tab sch_high

  School Is |
High School |      Freq.     Percent        Cum.
------------+-----------------------------------
          0 |      4,924       98.52       98.52
          1 |         74        1.48      100.00
------------+-----------------------------------
      Total |      4,998      100.00

. tab sch_middle

  School Is |
     Middle |
     School |      Freq.     Percent        Cum.
------------+-----------------------------------
          0 |      3,711       74.25       74.25
          1 |      1,287       25.75      100.00
------------+-----------------------------------
      Total |      4,998      100.00

. tab sch_elem

  School Is |
 Elementary |
     School |      Freq.     Percent        Cum.
------------+-----------------------------------
          0 |      1,361       27.23       27.23
          1 |      3,637       72.77      100.00
------------+-----------------------------------
      Total |      4,998      100.00

. do "C:\Users\ems541\AppData\Local\Temp\STD00000000.tmp"

.         
.         use "${analysis}/Teacher_Year_Analysis.dta", clear

.         isid tid school_year

. 
end of do-file

. keep if !missing(current_tre_e)
(50,732 observations deleted)

. tab sch_high

  School Is |
High School |      Freq.     Percent        Cum.
------------+-----------------------------------
          0 |      5,956       99.12       99.12
          1 |         53        0.88      100.00
------------+-----------------------------------
      Total |      6,009      100.00

. tab sch_middle

  School Is |
     Middle |
     School |      Freq.     Percent        Cum.
------------+-----------------------------------
          0 |      4,329       72.04       72.04
          1 |      1,680       27.96      100.00
------------+-----------------------------------
      Total |      6,009      100.00

. tab sch_elem

  School Is |
 Elementary |
     School |      Freq.     Percent        Cum.
------------+-----------------------------------
          0 |      1,733       28.84       28.84
          1 |      4,276       71.16      100.00
------------+-----------------------------------
      Total |      6,009      100.00

. do "C:\Users\ems541\Documents\OpenSDPems\human-capital-stata\programs\Analyze_Retention.do"

. /*****************************************************************************************
> * SDP Version 1.0
> * Last Updated: March 8, 2018
> * File name: Analyze_Retention.do
> * Author(s): Strategic Data Project
> *  
> * Description: This program produces analyses that show teacher retention patterns by:
> * 1. Describing the overall annual shares of teachers who stay in the same school, 
> *    transfer, and leave teaching in the agency.
> * 2. Describing the shares of teachers who transfer and leave over time.
> * 3. Examining the extent to which retention patterns differ according to school 
> *    poverty characteristics.
> * 4. Examining whether the most and least effective teachers are being differentially
> *    retained.
> * 5. Describing the retention trajectory of a cohort of novice teachers.
> *
> * Inputs: Teacher_Year_Analysis.dta
> *
> *****************************************************************************************/
. 
.         // Close log file if open and set up environment.
.         
.         capture log close
